// Jest Snapshot v1, https://goo.gl/fbAQLP

exports[`GameSpec.vue has the expected html structure 1`] = `
<div
  class="columns game"
>
  <div
    class="column is-one-quarter-desktop is-one-third-tablet player-column"
  >
    <div
      class="box"
    >
      <div
        class="title title-name"
      >
        
        Welcome!
      
      </div>
       
      <!---->
       
      <div
        class="field"
      >
        <div
          class="control"
        >
          <label
            for="name"
          >
             Please write your name below 
          </label>
           
          <input
            class="input is-info name-input"
            id="name"
            placeholder="Put your name here"
            type="text"
          />
        </div>
         
        <div
          class="control"
        >
          <a
            class="button is-medium is-fullwidth is-success submit-name"
          >
            
            Play a match
          
          </a>
        </div>
      </div>
       
      <!---->
       
      <a
        class="button is-small is-fullwidth back-button"
      >
        <span>
          Back to menu
        </span>
      </a>
    </div>
  </div>
   
  <!---->
   
  <!---->
</div>
`;
